#include <stdlib.h>
#include <time.h>
/* more headers goes there */

/* betty style doc for function main goes there */
int main(void)
{
	int n;

	srand(time(0));
	n = rand() - RAND_MAX / 2;
	/* your code goes there */
	return (0);
}julien@ubuntu:~/0x01$ gcc -Wall -pedantic -Werror -Wextra -std=gnu89 0-positive_or_negative.c -o 0-positive_or_negative
julien@ubuntu:~/0x01$ ./0-positive_or_negative 
-520693284 is negative
julien@ubuntu:~/0x01$ ./0-positive_or_negative 
-973398895 is negative
julien@ubuntu:~/0x01$ ./0-positive_or_negative 
-199220452 is negative
julien@ubuntu:~/0x01$ ./0-positive_or_negative 
561319348 is positive
julien@ubuntu:~/0x01$ ./0-positive_or_negative 
561319348 is positive
julien@ubuntu:~/0x01$ ./0-positive_or_negative 
266853958 is positive
julien@ubuntu:~/0x01$ ./0-positive_or_negative 
-48147767 is negative
julien@ubuntu:~/0x01$ ./0-positive_or_negative 
0 is zero
julien@ubuntu:~/0x01$ 
